// Vitest Snapshot v1, https://vitest.dev/guide/snapshot.html

exports[`Componente HomeView > Comparando snapshot 1`] = `
"<div>
  <h1>Home</h1>
</div>"
`;
